------------------------------------------------------------
Timing Analyzer Summary
------------------------------------------------------------

Type  : Slow 1100mV 85C Model Setup 'KEY[0]'
Slack : -4.123
TNS   : -132.420

Type  : Slow 1100mV 85C Model Hold 'KEY[0]'
Slack : 0.685
TNS   : 0.000

Type  : Slow 1100mV 85C Model Minimum Pulse Width 'KEY[0]'
Slack : -0.538
TNS   : -31.900

Type  : Slow 1100mV 0C Model Setup 'KEY[0]'
Slack : -4.273
TNS   : -134.856

Type  : Slow 1100mV 0C Model Hold 'KEY[0]'
Slack : 0.666
TNS   : 0.000

Type  : Slow 1100mV 0C Model Minimum Pulse Width 'KEY[0]'
Slack : -0.538
TNS   : -32.137

Type  : Fast 1100mV 85C Model Setup 'KEY[0]'
Slack : -1.392
TNS   : -41.850

Type  : Fast 1100mV 85C Model Hold 'KEY[0]'
Slack : 0.302
TNS   : 0.000

Type  : Fast 1100mV 85C Model Minimum Pulse Width 'KEY[0]'
Slack : -0.094
TNS   : -3.764

Type  : Fast 1100mV 0C Model Setup 'KEY[0]'
Slack : -1.250
TNS   : -34.969

Type  : Fast 1100mV 0C Model Hold 'KEY[0]'
Slack : 0.293
TNS   : 0.000

Type  : Fast 1100mV 0C Model Minimum Pulse Width 'KEY[0]'
Slack : -0.095
TNS   : -3.807

------------------------------------------------------------
